
> react-example@0.0.0 build
> vite build

[36mvite v6.4.1 [32mbuilding for production...[36m[39m
transforming...
[32mΓ£ô[39m 2145 modules transformed.
rendering chunks...
computing gzip size...
[2mdist/[22m[32mindex.html                               [39m[1m[2m  4.22 kB[22m[1m[22m[2m Γöé gzip:   1.43 kB[22m
[2mdist/[22m[32massets/desktop-mockup-BPOoo0Mb.avif      [39m[1m[2m  9.56 kB[22m[1m[22m
[2mdist/[22m[32massets/gym-mockup-D3ODG6qw.avif          [39m[1m[2m 11.64 kB[22m[1m[22m
[2mdist/[22m[32massets/desktop-mockup-QzWos7S_.webp      [39m[1m[2m 13.97 kB[22m[1m[22m
[2mdist/[22m[32massets/coaching-mockup-CTo98uTj.avif     [39m[1m[2m 14.24 kB[22m[1m[22m
[2mdist/[22m[32massets/real-estate-mockup-t2vpMqh3.avif  [39m[1m[2m 16.32 kB[22m[1m[22m
[2mdist/[22m[32massets/gym-mockup-CdSDB2W3.webp          [39m[1m[2m 16.97 kB[22m[1m[22m
[2mdist/[22m[32massets/coaching-mockup-CWtsuHxQ.webp     [39m[1m[2m 21.01 kB[22m[1m[22m
[2mdist/[22m[32massets/real-estate-mockup-DysWMcZi.webp  [39m[1m[2m 23.11 kB[22m[1m[22m
[2mdist/[22m[32massets/desktop-mockup-C15y_JjE.avif      [39m[1m[2m 23.36 kB[22m[1m[22m
[2mdist/[22m[32massets/gym-mockup-Bd9z_2s-.avif          [39m[1m[2m 26.85 kB[22m[1m[22m
[2mdist/[22m[32massets/desktop-mockup-DHSQvP6e.avif      [39m[1m[2m 31.40 kB[22m[1m[22m
[2mdist/[22m[32massets/gym-mockup-DgQApXIr.avif          [39m[1m[2m 34.54 kB[22m[1m[22m
[2mdist/[22m[32massets/desktop-mockup-BwxuaSST.webp      [39m[1m[2m 36.55 kB[22m[1m[22m
[2mdist/[22m[32massets/coaching-mockup-BJAYxHi2.avif     [39m[1m[2m 38.88 kB[22m[1m[22m
[2mdist/[22m[32massets/real-estate-mockup-BG9Hy6e6.avif  [39m[1m[2m 43.01 kB[22m[1m[22m
[2mdist/[22m[32massets/gym-mockup-CnXQGw3n.webp          [39m[1m[2m 43.57 kB[22m[1m[22m
[2mdist/[22m[32massets/desktop-mockup-Bi6DU_jT.webp      [39m[1m[2m 50.84 kB[22m[1m[22m
[2mdist/[22m[32massets/coaching-mockup-hw4YJOk2.avif     [39m[1m[2m 52.10 kB[22m[1m[22m
[2mdist/[22m[32massets/coaching-mockup-tXygExyu.webp     [39m[1m[2m 57.12 kB[22m[1m[22m
[2mdist/[22m[32massets/gym-mockup-CAJWHX4-.webp          [39m[1m[2m 61.25 kB[22m[1m[22m
[2mdist/[22m[32massets/real-estate-mockup-EGhpwLl6.avif  [39m[1m[2m 61.71 kB[22m[1m[22m
[2mdist/[22m[32massets/real-estate-mockup-DvEX92ms.webp  [39m[1m[2m 68.78 kB[22m[1m[22m
[2mdist/[22m[32massets/coaching-mockup-DYmmnKwh.webp     [39m[1m[2m 82.39 kB[22m[1m[22m
[2mdist/[22m[32massets/desktop-mockup-BmsB-Iv9.jpeg      [39m[1m[2m 99.88 kB[22m[1m[22m
[2mdist/[22m[32massets/real-estate-mockup-DLaGY6vD.webp  [39m[1m[2m100.76 kB[22m[1m[22m
[2mdist/[22m[32massets/gym-mockup-dhM17D_b.jpeg          [39m[1m[2m109.85 kB[22m[1m[22m
[2mdist/[22m[32massets/coaching-mockup-BQ5GXOV7.jpeg     [39m[1m[2m138.75 kB[22m[1m[22m
[2mdist/[22m[32massets/real-estate-mockup--j8NrNfZ.jpeg  [39m[1m[2m160.83 kB[22m[1m[22m
[2mdist/[22m[35massets/index-quOcIBsg.css                [39m[1m[2m 56.00 kB[22m[1m[22m[2m Γöé gzip:   9.50 kB[22m
[2mdist/[22m[36massets/index-CVAK27VZ.js                 [39m[1m[2m490.67 kB[22m[1m[22m[2m Γöé gzip: 145.14 kB[22m
[32mΓ£ô built in 18.88s[39m
